Microchip MPLAB XC8 Compiler V2.10 ()

Linker command line:

-W-3 --edf=C:\Program Files (x86)\Microchip\xc8\v2.10\pic\dat\en_msgs.txt \
  -cs -h+dist/default/production\PIC16F18444_DEV.X.production.sym \
  --cmf=dist/default/production\PIC16F18444_DEV.X.production.cmf -z \
  -Q16F18444 -oC:\Users\louis\AppData\Local\Temp\sh98.2 \
  --defsym=__MPLAB_BUILD=1 \
  -Mdist/default/production/PIC16F18444_DEV.X.production.map -E1 -ver=XC8 \
  --acfsm=1493 -ASTACK=02074h-027EFh -pstack=STACK -ACODE=00h-07FFhx2 \
  -ASTRCODE=00h-0FFFh -ASTRING=00h-0FFhx16 -ACONST=00h-0FFhx16 \
  -AENTRY=00h-0FFhx16 -ACOMMON=070h-07Fh -ABANK0=020h-06Fh \
  -ABANK1=0A0h-0EFh -ABANK2=0120h-016Fh -ABANK3=01A0h-01EFh \
  -ABANK4=0220h-026Fh -ABANK5=02A0h-02EFh -ABANK6=0320h-036Fh \
  -ABANK7=03A0h-03EFh -ABANK8=0420h-046Fh -ABANK9=04A0h-04EFh \
  -ABANK10=0520h-056Fh -ABANK11=05A0h-05EFh -ABANK12=0620h-066Fh \
  -ABANK13=06A0h-06EFh -ABANK14=0720h-076Fh -ABANK15=07A0h-07EFh \
  -ABANK16=0820h-086Fh -ABANK17=08A0h-08EFh -ABANK18=0920h-096Fh \
  -ABANK19=09A0h-09EFh -ABANK20=0A20h-0A6Fh -ABANK21=0AA0h-0AEFh \
  -ABANK22=0B20h-0B6Fh -ABANK23=0BA0h-0BEFh -ABANK24=0C20h-0C6Fh \
  -ABANK25=0CA0h-0CBFh -ABIGRAM=02000h-027EFh \
  -ARAM=020h-06Fh,0A0h-0EFh,0120h-016Fh,01A0h-01EFh,0220h-026Fh,02A0h-02EFh,0320h-036Fh,03A0h-03EFh,0420h-046Fh,04A0h-04EFh,0520h-056Fh,05A0h-05EFh,0620h-066Fh,06A0h-06EFh,0720h-076Fh,07A0h-07EFh,0820h-086Fh,08A0h-08EFh,0920h-096Fh,09A0h-09EFh,0A20h-0A6Fh,0AA0h-0AEFh,0B20h-0B6Fh,0BA0h-0BEFh,0C20h-0C6Fh,0CA0h-0CBFh \
  -AABS1=020h-07Fh,0A0h-0EFh,0120h-016Fh,01A0h-01EFh,0220h-026Fh,02A0h-02EFh,0320h-036Fh,03A0h-03EFh,0420h-046Fh,04A0h-04EFh,0520h-056Fh,05A0h-05EFh,0620h-066Fh,06A0h-06EFh,0720h-076Fh,07A0h-07EFh,0820h-086Fh,08A0h-08EFh,0920h-096Fh,09A0h-09EFh,0A20h-0A6Fh,0AA0h-0AEFh,0B20h-0B6Fh,0BA0h-0BEFh,0C20h-0C6Fh,0CA0h-0CBFh \
  -ASFR0=00h-01Fh -ASFR1=080h-09Fh -ASFR2=0100h-011Fh -ASFR3=0180h-019Fh \
  -ASFR4=0200h-021Fh -ASFR5=0280h-029Fh -ASFR6=0300h-031Fh \
  -ASFR7=0380h-039Fh -ASFR8=0400h-041Fh -ASFR9=0480h-049Fh \
  -ASFR10=0500h-051Fh -ASFR11=0580h-059Fh -ASFR12=0600h-061Fh \
  -ASFR13=0680h-069Fh -ASFR14=0700h-071Fh -ASFR15=0780h-079Fh \
  -ASFR16=0800h-081Fh -ASFR17=0880h-089Fh -ASFR18=0900h-091Fh \
  -ASFR19=0980h-099Fh -ASFR20=0A00h-0A1Fh -ASFR21=0A80h-0A9Fh \
  -ASFR22=0B00h-0B1Fh -ASFR23=0B80h-0B9Fh -ASFR24=0C00h-0C1Fh \
  -ASFR25=0C80h-0C9Fh -ASFR26=0D00h-0D6Fh -ASFR27=0D80h-0DEFh \
  -ASFR28=0E00h-0E6Fh -ASFR29=0E80h-0EEFh -ASFR30=0F00h-0F6Fh \
  -ASFR31=0F80h-0FEFh -ASFR32=01000h-0106Fh -ASFR33=01080h-010EFh \
  -ASFR34=01100h-0116Fh -ASFR35=01180h-011EFh -ASFR36=01200h-0126Fh \
  -ASFR37=01280h-012EFh -ASFR38=01300h-0136Fh -ASFR39=01380h-013EFh \
  -ASFR40=01400h-0146Fh -ASFR41=01480h-014EFh -ASFR42=01500h-0156Fh \
  -ASFR43=01580h-015EFh -ASFR44=01600h-0166Fh -ASFR45=01680h-016EFh \
  -ASFR46=01700h-0176Fh -ASFR47=01780h-017EFh -ASFR48=01800h-0186Fh \
  -ASFR49=01880h-018EFh -ASFR50=01900h-0196Fh -ASFR51=01980h-019EFh \
  -ASFR52=01A00h-01A6Fh -ASFR53=01A80h-01AEFh -ASFR54=01B00h-01B6Fh \
  -ASFR55=01B80h-01BEFh -ASFR56=01C00h-01C6Fh -ASFR57=01C80h-01CEFh \
  -ASFR58=01D00h-01D6Fh -ASFR59=01D80h-01DEFh -ASFR60=01E00h-01E6Fh \
  -ASFR61=01E80h-01EEFh -ASFR62=01F00h-01F6Fh -ASFR63=01F80h-01FEFh \
  -preset_vec=00h,intentry=04h,init,end_init -ppowerup=CODE -pcinit=CODE \
  -pfunctab=ENTRY -ACONFIG=08007h-0800Bh -pconfig=CONFIG -DCONFIG=2 \
  -AIDLOC=08000h-08003h -pidloc=IDLOC -DIDLOC=2 -AEEDATA=00h-0FFh/0F000h \
  -peeprom_data=EEDATA -DEEDATA=2 -DCODE=2 -DSTRCODE=2 -DSTRING=2 -DCONST=2 \
  -DENTRY=2 -k C:\Users\louis\AppData\Local\Temp\sh98.o \
  dist/default/production\PIC16F18444_DEV.X.production.o 

Object code version is 3.11

Machine type is 16F18444



                Name                               Link     Load   Length Selector   Space Scale
C:\Users\louis\AppData\Local\Temp\sh98.o
                end_init                            194      194        2        8       0
                reset_vec                             0        0        2        0       0
                config                             8007     8007        5    1000E       0
dist/default/production\PIC16F18444_DEV.X.production.o
                cinit                               196      196       28        8       0
                intentry                              4        4      190        8       0
                text43                              B55      B55        D     16AA       0
                text42                              D79      D79       3A     1AF2       0
                text41                              FA8      FA8       58     1F50       0
                text40                              B7C      B7C        E     16F8       0
                text38                              CB5      CB5       2F     196A       0
                text37                              C67      C67       24     18CE       0
                text36                              1BE      1BE      257        8       0
                text35                              576      576       75        8       0
                text34                              4C9      4C9       AD        8       0
                text33                              BB7      BB7       14     176E       0
                text32                              72D      72D       60        8       0
                text31                              F54      F54       54     1EA8       0
                text30                              C2F      C2F       1C     185E       0
                text29                              C4B      C4B       1C     1896       0
                text28                              C8B      C8B       2A     1916       0
                text27                              415      415       B4        8       0
                text26                              5EB      5EB       6F        8       0
                text25                              B36      B36        9     166C       0
                text24                              B62      B62        D     16C4       0
                text23                              BA7      BA7       10     174E       0
                text22                              B8A      B8A        E     1714       0
                text21                              B1D      B1D        5     163A       0
                text20                              BF9      BF9       1B     17F2       0
                text19                              BCB      BCB       14     1796       0
                text18                              7E9      7E9       14        8       0
                text17                              C14      C14       1B     1828       0
                text16                              B6F      B6F        D     16DE       0
                text15                              B98      B98        F     1730       0
                text14                              BDF      BDF       1A     17BE       0
                text13                              6C4      6C4       69        8       0
                text12                              F01      F01       53     1E02       0
                text11                              DB3      DB3       3E     1B66       0
                text10                              B3F      B3F        A     167E       0
                text9                               65A      65A       6A        8       0
                text8                               78D      78D       5C        8       0
                text7                               D13      D13       33     1A26       0
                text6                               B49      B49        C     1692       0
                text5                               E33      E33       44     1C66       0
                text4                               DF1      DF1       42     1BE2       0
                text3                               CE4      CE4       2F     19C8       0
                text2                               E77      E77       44     1CEE       0
                text1                               EBB      EBB       46     1D76       0
                maintext                            D46      D46       33     1A8C       0
                cstackBANK0                          20       20       38       20       1
                cstackCOMMON                         70       70        A       70       1
                clrtext                             B22      B22        6     1644       0
                inittext                            B28      B28        6     1650       0
                dataBANK1                            BC       BC        8       A0       1
                bssBANK1                             A0       A0       1C       A0       1
                dataBANK0                            6C       6C        1       20       1
                bssBANK0                             58       58       14       20       1
                bssCOMMON                            7A       7A        4       70       1
                stringtext16                        882      882        4      FFA       0
                stringtext15                        87E      87E        4      FFA       0
                stringtext14                        87A      87A        4      FFA       0
                stringtext13                        876      876        4      FFA       0
                stringtext12                        872      872        4      FFA       0
                stringtext11                        86E      86E        4      FFA       0
                stringtext10                        869      869        5      FFA       0
                stringtext9                         862      862        7      FFA       0
                stringtext8                         858      858        A      FFA       0
                stringtext7                         84E      84E        A      FFA       0
                stringtext6                         843      843        B      FFA       0
                stringtext5                         837      837        C      FFA       0
                stringtext4                         82A      82A        D      FFA       0
                stringtext3                         81D      81D        D      FFA       0
                stringtext2                         80E      80E        F      FFA       0
                stringtext1                         7FD      7FD       11      FFA       0
                idataBANK1                          B2E      B2E        8     165C       0
                idataBANK0                            3        3        1        6       0

TOTAL           Name                               Link     Load   Length     Space
        CLASS   STACK          

        CLASS   CODE           
                end_init                            194      194        2         0
                cinit                               196      196       28         0
                intentry                              4        4      190         0
                reset_vec                             0        0        2         0
                text43                              B55      B55        D         0
                text42                              D79      D79       3A         0
                text41                              FA8      FA8       58         0
                text40                              B7C      B7C        E         0
                text38                              CB5      CB5       2F         0
                text37                              C67      C67       24         0
                text36                              1BE      1BE      257         0
                text35                              576      576       75         0
                text34                              4C9      4C9       AD         0
                text33                              BB7      BB7       14         0
                text32                              72D      72D       60         0
                text31                              F54      F54       54         0
                text30                              C2F      C2F       1C         0
                text29                              C4B      C4B       1C         0
                text28                              C8B      C8B       2A         0
                text27                              415      415       B4         0
                text26                              5EB      5EB       6F         0
                text25                              B36      B36        9         0
                text24                              B62      B62        D         0
                text23                              BA7      BA7       10         0
                text22                              B8A      B8A        E         0
                text21                              B1D      B1D        5         0
                text20                              BF9      BF9       1B         0
                text19                              BCB      BCB       14         0
                text18                              7E9      7E9       14         0
                text17                              C14      C14       1B         0
                text16                              B6F      B6F        D         0
                text15                              B98      B98        F         0
                text14                              BDF      BDF       1A         0
                text13                              6C4      6C4       69         0
                text12                              F01      F01       53         0
                text11                              DB3      DB3       3E         0
                text10                              B3F      B3F        A         0
                text9                               65A      65A       6A         0
                text8                               78D      78D       5C         0
                text7                               D13      D13       33         0
                text6                               B49      B49        C         0
                text5                               E33      E33       44         0
                text4                               DF1      DF1       42         0
                text3                               CE4      CE4       2F         0
                text2                               E77      E77       44         0
                text1                               EBB      EBB       46         0
                maintext                            D46      D46       33         0
                clrtext                             B22      B22        6         0
                inittext                            B28      B28        6         0
                idataBANK1                          B2E      B2E        8         0
                idataBANK0                            3        3        1         0

        CLASS   STRCODE        
                stringtext16                        882      882        4         0
                stringtext15                        87E      87E        4         0
                stringtext14                        87A      87A        4         0
                stringtext13                        876      876        4         0
                stringtext12                        872      872        4         0
                stringtext11                        86E      86E        4         0
                stringtext10                        869      869        5         0
                stringtext9                         862      862        7         0
                stringtext8                         858      858        A         0
                stringtext7                         84E      84E        A         0
                stringtext6                         843      843        B         0
                stringtext5                         837      837        C         0
                stringtext4                         82A      82A        D         0
                stringtext3                         81D      81D        D         0
                stringtext2                         80E      80E        F         0
                stringtext1                         7FD      7FD       11         0

        CLASS   STRING         

        CLASS   CONST          

        CLASS   ENTRY          

        CLASS   COMMON         
                cstackCOMMON                         70       70        A         1
                bssCOMMON                            7A       7A        4         1

        CLASS   BANK0          
                cstackBANK0                          20       20       38         1
                dataBANK0                            6C       6C        1         1
                bssBANK0                             58       58       14         1

        CLASS   BANK1          
                dataBANK1                            BC       BC        8         1
                bssBANK1                             A0       A0       1C         1

        CLASS   BANK2          

        CLASS   BANK3          

        CLASS   BANK4          

        CLASS   BANK5          

        CLASS   BANK6          

        CLASS   BANK7          

        CLASS   BANK8          

        CLASS   BANK9          

        CLASS   BANK10         

        CLASS   BANK11         

        CLASS   BANK12         

        CLASS   BANK13         

        CLASS   BANK14         

        CLASS   BANK15         

        CLASS   BANK16         

        CLASS   BANK17         

        CLASS   BANK18         

        CLASS   BANK19         

        CLASS   BANK20         

        CLASS   BANK21         

        CLASS   BANK22         

        CLASS   BANK23         

        CLASS   BANK24         

        CLASS   BANK25         

        CLASS   BIGRAM         

        CLASS   RAM            

        CLASS   ABS1           
                abs_s1                               7E       7E        2         1

        CLASS   SFR0           

        CLASS   SFR1           

        CLASS   SFR2           

        CLASS   SFR3           

        CLASS   SFR4           

        CLASS   SFR5           

        CLASS   SFR6           

        CLASS   SFR7           

        CLASS   SFR8           

        CLASS   SFR9           

        CLASS   SFR10          

        CLASS   SFR11          

        CLASS   SFR12          

        CLASS   SFR13          

        CLASS   SFR14          

        CLASS   SFR15          

        CLASS   SFR16          

        CLASS   SFR17          

        CLASS   SFR18          

        CLASS   SFR19          

        CLASS   SFR20          

        CLASS   SFR21          

        CLASS   SFR22          

        CLASS   SFR23          

        CLASS   SFR24          

        CLASS   SFR25          

        CLASS   SFR26          

        CLASS   SFR27          

        CLASS   SFR28          

        CLASS   SFR29          

        CLASS   SFR30          

        CLASS   SFR31          

        CLASS   SFR32          

        CLASS   SFR33          

        CLASS   SFR34          

        CLASS   SFR35          

        CLASS   SFR36          

        CLASS   SFR37          

        CLASS   SFR38          

        CLASS   SFR39          

        CLASS   SFR40          

        CLASS   SFR41          

        CLASS   SFR42          

        CLASS   SFR43          

        CLASS   SFR44          

        CLASS   SFR45          

        CLASS   SFR46          

        CLASS   SFR47          

        CLASS   SFR48          

        CLASS   SFR49          

        CLASS   SFR50          

        CLASS   SFR51          

        CLASS   SFR52          

        CLASS   SFR53          

        CLASS   SFR54          

        CLASS   SFR55          

        CLASS   SFR56          

        CLASS   SFR57          

        CLASS   SFR58          

        CLASS   SFR59          

        CLASS   SFR60          

        CLASS   SFR61          

        CLASS   SFR62          

        CLASS   SFR63          

        CLASS   CONFIG         
                config                             8007     8007        5         0

        CLASS   IDLOC          

        CLASS   EEDATA         

        CLASS   BANK63         

        CLASS   BANK62         

        CLASS   BANK61         

        CLASS   BANK60         

        CLASS   BANK59         

        CLASS   BANK58         

        CLASS   BANK57         

        CLASS   BANK56         

        CLASS   BANK55         

        CLASS   BANK54         

        CLASS   BANK53         

        CLASS   BANK52         

        CLASS   BANK51         

        CLASS   BANK50         

        CLASS   BANK49         

        CLASS   BANK48         

        CLASS   BANK47         

        CLASS   BANK46         

        CLASS   BANK45         

        CLASS   BANK44         

        CLASS   BANK43         

        CLASS   BANK42         

        CLASS   BANK41         

        CLASS   BANK40         

        CLASS   BANK39         

        CLASS   BANK38         

        CLASS   BANK37         

        CLASS   BANK36         

        CLASS   BANK35         

        CLASS   BANK34         

        CLASS   BANK33         

        CLASS   BANK32         

        CLASS   BANK31         

        CLASS   BANK30         

        CLASS   BANK29         

        CLASS   BANK28         

        CLASS   BANK27         

        CLASS   BANK26         



SEGMENTS        Name                           Load    Length   Top    Selector   Space  Class     Delta

                reset_vec                      000000  000002  000002         0       0  CODE        2
                idataBANK0                     000003  000001  000004         6       0  CODE        2
                intentry                       000004  0007F9  0007FD         8       0  CODE        2
                cstackBANK0                    000020  00004D  00006D        20       1  BANK0       1
                cstackCOMMON                   000070  00000E  00007E        70       1  COMMON      1
                bssBANK1                       0000A0  000024  0000C4        A0       1  BANK1       1
                stringtext1                    0007FD  000089  000886       FFA       0  STRCODE     2
                text21                         000B1D  000005  000B22      163A       0  CODE        2
                clrtext                        000B22  000006  000B28      1644       0  CODE        2
                inittext                       000B28  000006  000B2E      1650       0  CODE        2
                idataBANK1                     000B2E  000008  000B36      165C       0  CODE        2
                text25                         000B36  000009  000B3F      166C       0  CODE        2
                text10                         000B3F  00000A  000B49      167E       0  CODE        2
                text6                          000B49  00000C  000B55      1692       0  CODE        2
                text43                         000B55  00000D  000B62      16AA       0  CODE        2
                text24                         000B62  00000D  000B6F      16C4       0  CODE        2
                text16                         000B6F  00000D  000B7C      16DE       0  CODE        2
                text40                         000B7C  00000E  000B8A      16F8       0  CODE        2
                text22                         000B8A  00000E  000B98      1714       0  CODE        2
                text15                         000B98  00000F  000BA7      1730       0  CODE        2
                text23                         000BA7  000010  000BB7      174E       0  CODE        2
                text33                         000BB7  000014  000BCB      176E       0  CODE        2
                text19                         000BCB  000014  000BDF      1796       0  CODE        2
                text14                         000BDF  00001A  000BF9      17BE       0  CODE        2
                text20                         000BF9  00001B  000C14      17F2       0  CODE        2
                text17                         000C14  00001B  000C2F      1828       0  CODE        2
                text30                         000C2F  00001C  000C4B      185E       0  CODE        2
                text29                         000C4B  00001C  000C67      1896       0  CODE        2
                text37                         000C67  000024  000C8B      18CE       0  CODE        2
                text28                         000C8B  00002A  000CB5      1916       0  CODE        2
                text38                         000CB5  00002F  000CE4      196A       0  CODE        2
                text3                          000CE4  00002F  000D13      19C8       0  CODE        2
                text7                          000D13  000033  000D46      1A26       0  CODE        2
                maintext                       000D46  000033  000D79      1A8C       0  CODE        2
                text42                         000D79  00003A  000DB3      1AF2       0  CODE        2
                text11                         000DB3  00003E  000DF1      1B66       0  CODE        2
                text4                          000DF1  000042  000E33      1BE2       0  CODE        2
                text5                          000E33  000044  000E77      1C66       0  CODE        2
                text2                          000E77  000044  000EBB      1CEE       0  CODE        2
                text1                          000EBB  000046  000F01      1D76       0  CODE        2
                text12                         000F01  000053  000F54      1E02       0  CODE        2
                text31                         000F54  000054  000FA8      1EA8       0  CODE        2
                text41                         000FA8  000058  001000      1F50       0  CODE        2
                config                         008007  000005  00800C     1000E       0  CONFIG      2


UNUSED ADDRESS RANGES

        Name                Unused          Largest block    Delta
        BANK0            0006D-0006F               3           1
        BANK1            000C4-000EF              2C           1
        BANK10           00520-0056F              50           1
        BANK11           005A0-005EF              50           1
        BANK12           00620-0066F              50           1
        BANK13           006A0-006EF              50           1
        BANK14           00720-0076F              50           1
        BANK15           007A0-007EF              50           1
        BANK16           00820-0086F              50           1
        BANK17           008A0-008EF              50           1
        BANK18           00920-0096F              50           1
        BANK19           009A0-009EF              50           1
        BANK2            00120-0016F              50           1
        BANK20           00A20-00A6F              50           1
        BANK21           00AA0-00AEF              50           1
        BANK22           00B20-00B6F              50           1
        BANK23           00BA0-00BEF              50           1
        BANK24           00C20-00C6F              50           1
        BANK25           00CA0-00CBF              20           1
        BANK3            001A0-001EF              50           1
        BANK4            00220-0026F              50           1
        BANK5            002A0-002EF              50           1
        BANK6            00320-0036F              50           1
        BANK7            003A0-003EF              50           1
        BANK8            00420-0046F              50           1
        BANK9            004A0-004EF              50           1
        BIGRAM           02000-027EF             7F0           1
        CODE             00002-00002               1           2
                         00886-00B1C             297
        CONST            00002-00002               1           2
                         00886-00B1C             100
        EEDATA           0F000-0F0FF             100           2
        ENTRY            00002-00002               1           2
                         00886-00B1C             100
        IDLOC            08000-08003               4           2
        RAM              0006D-0006F               3           1
                         000C4-000EF              2C
                         00120-0016F              50
                         001A0-001EF              50
                         00220-0026F              50
                         002A0-002EF              50
                         00320-0036F              50
                         003A0-003EF              50
                         00420-0046F              50
                         004A0-004EF              50
                         00520-0056F              50
                         005A0-005EF              50
                         00620-0066F              50
                         006A0-006EF              50
                         00720-0076F              50
                         007A0-007EF              50
                         00820-0086F              50
                         008A0-008EF              50
                         00920-0096F              50
                         009A0-009EF              50
                         00A20-00A6F              50
                         00AA0-00AEF              50
                         00B20-00B6F              50
                         00BA0-00BEF              50
                         00C20-00C6F              50
                         00CA0-00CBF              20
        SFR0             00000-0001F              20           1
        SFR1             00080-0009F              20           1
        SFR10            00500-0051F              20           1
        SFR11            00580-0059F              20           1
        SFR12            00600-0061F              20           1
        SFR13            00680-0069F              20           1
        SFR14            00700-0071F              20           1
        SFR15            00780-0079F              20           1
        SFR16            00800-0081F              20           1
        SFR17            00880-0089F              20           1
        SFR18            00900-0091F              20           1
        SFR19            00980-0099F              20           1
        SFR2             00100-0011F              20           1
        SFR20            00A00-00A1F              20           1
        SFR21            00A80-00A9F              20           1
        SFR22            00B00-00B1F              20           1
        SFR23            00B80-00B9F              20           1
        SFR24            00C00-00C1F              20           1
        SFR25            00C80-00C9F              20           1
        SFR26            00D00-00D6F              70           1
        SFR27            00D80-00DEF              70           1
        SFR28            00E00-00E6F              70           1
        SFR29            00E80-00EEF              70           1
        SFR3             00180-0019F              20           1
        SFR30            00F00-00F6F              70           1
        SFR31            00F80-00FEF              70           1
        SFR32            01000-0106F              70           1
        SFR33            01080-010EF              70           1
        SFR34            01100-0116F              70           1
        SFR35            01180-011EF              70           1
        SFR36            01200-0126F              70           1
        SFR37            01280-012EF              70           1
        SFR38            01300-0136F              70           1
        SFR39            01380-013EF              70           1
        SFR4             00200-0021F              20           1
        SFR40            01400-0146F              70           1
        SFR41            01480-014EF              70           1
        SFR42            01500-0156F              70           1
        SFR43            01580-015EF              70           1
        SFR44            01600-0166F              70           1
        SFR45            01680-016EF              70           1
        SFR46            01700-0176F              70           1
        SFR47            01780-017EF              70           1
        SFR48            01800-0186F              70           1
        SFR49            01880-018EF              70           1
        SFR5             00280-0029F              20           1
        SFR50            01900-0196F              70           1
        SFR51            01980-019EF              70           1
        SFR52            01A00-01A6F              70           1
        SFR53            01A80-01AEF              70           1
        SFR54            01B00-01B6F              70           1
        SFR55            01B80-01BEF              70           1
        SFR56            01C00-01C6F              70           1
        SFR57            01C80-01CEF              70           1
        SFR58            01D00-01D6F              70           1
        SFR59            01D80-01DEF              70           1
        SFR6             00300-0031F              20           1
        SFR60            01E00-01E6F              70           1
        SFR61            01E80-01EEF              70           1
        SFR62            01F00-01F6F              70           1
        SFR63            01F80-01FEF              70           1
        SFR7             00380-0039F              20           1
        SFR8             00400-0041F              20           1
        SFR9             00480-0049F              20           1
        STACK            02074-027EF             77C           1
        STRCODE          00002-00002               1           2
                         00886-00B1C             297
        STRING           00002-00002               1           2
                         00886-00B1C             100

                                  Symbol Table

?__Umul8_16                           cstackBANK0  00020
?___awdiv                             cstackBANK0  00020
?___awmod                             cstackBANK0  00020
?___flmul                             cstackBANK0  0002E
?___fltol                             cstackBANK0  00048
?___xxtofl                            cstackBANK0  00020
?_abs                                 cstackBANK0  00020
?_adc_conversion                      cstackBANK0  00020
?_reverse                             cstackBANK0  00026
?_strlen                              cstackBANK0  00020
?_strncmp                             cstackCOMMON 00070
_ADACCU                               (abs)        00098
_ADACQH                               (abs)        0010D
_ADACQL                               (abs)        0010C
_ADACT                                (abs)        00117
_ADCAP                                (abs)        0010E
_ADCLK                                (abs)        00118
_ADCON0                               (abs)        00111
_ADCON0bits                           (abs)        00111
_ADCON1                               (abs)        00112
_ADCON2                               (abs)        00113
_ADCON3                               (abs)        00114
_ADLTHH                               (abs)        0008D
_ADLTHL                               (abs)        0008C
_ADPCH                                (abs)        0009F
_ADPREH                               (abs)        00110
_ADPREL                               (abs)        0010F
_ADREF                                (abs)        00116
_ADRESH                               (abs)        0009E
_ADRESL                               (abs)        0009D
_ADRPT                                (abs)        0009A
_ADSTAT                               (abs)        00115
_ADSTPTH                              (abs)        00093
_ADSTPTL                              (abs)        00092
_ADUTHH                               (abs)        0008F
_ADUTHL                               (abs)        0008E
_ANSELA                               (abs)        01F38
_ANSELB                               (abs)        01F43
_ANSELC                               (abs)        01F4E
_BAUD1CON                             (abs)        0011F
_Bbot_state                           bssBANK0     00069
_Bot_State_handler                    text11       00DB3
_Hex_battery_level                    bssBANK0     0006A
_INTCONbits                           (abs)        0000B
_INTERRUPT_InterruptManager           intentry     00004
_INTPPS                               (abs)        01E90
_ISR_timer2                           text42       00D79
_LATAbits                             (abs)        00018
_LATCbits                             (abs)        0001A
_OSCCON1                              (abs)        0088D
_OSCCON3                              (abs)        0088F
_OSCEN                                (abs)        00891
_OSCFRQ                               (abs)        00893
_OSCILLATOR_Initialize                text25       00B36
_OSCTUNE                              (abs)        00892
_PIE0bits                             (abs)        00716
_PIE3bits                             (abs)        00719
_PIE4bits                             (abs)        0071A
_PIR0bits                             (abs)        0070C
_PIR3bits                             (abs)        0070F
_PIR4bits                             (abs)        00710
_PORTBbits                            (abs)        0000D
_PORTCbits                            (abs)        0000E
_PR2                                  (abs)        0028D
_RC1REG                               (abs)        00119
_RC1STA                               (abs)        0011D
_RC1STAbits                           (abs)        0011D
_RC4PPS                               (abs)        01F24
_RX1DTPPS                             (abs)        01ECB
_SP1BRGH                              (abs)        0011C
_SP1BRGL                              (abs)        0011B
_T0CON0                               (abs)        0059E
_T0CON1                               (abs)        0059F
_T2CLKCON                             (abs)        00290
_T2CON                                (abs)        0028E
_T2CONbits                            (abs)        0028E
_T2HLTbits                            (abs)        0028F
_T2PR                                 (abs)        0028D
_T2RST                                (abs)        00291
_T2TMR                                (abs)        0028C
_TMR0H                                (abs)        0059D
_TMR0L                                (abs)        0059C
_TMR0_Initialize                      text24       00B62
_TMR2                                 (abs)        0028C
_TRISAbits                            (abs)        00012
_TRISBbits                            (abs)        00013
_TRISCbits                            (abs)        00014
_TX1REG                               (abs)        0011A
_TX1STAbits                           (abs)        0011E
_WPUCbits                             (abs)        01F4F
__CFG_BBEN$OFF                        (abs)        00000
__CFG_BBSIZE$BB512                    (abs)        00000
__CFG_BOREN$ON                        (abs)        00000
__CFG_BORV$LO                         (abs)        00000
__CFG_CLKOUTEN$OFF                    (abs)        00000
__CFG_CP$OFF                          (abs)        00000
__CFG_CSWEN$ON                        (abs)        00000
__CFG_FCMEN$ON                        (abs)        00000
__CFG_FEXTOSC$OFF                     (abs)        00000
__CFG_LPBOREN$OFF                     (abs)        00000
__CFG_LVP$ON                          (abs)        00000
__CFG_MCLRE$ON                        (abs)        00000
__CFG_PPS1WAY$ON                      (abs)        00000
__CFG_PWRTS$OFF                       (abs)        00000
__CFG_RSTOSC$HFINT1                   (abs)        00000
__CFG_SAFEN$OFF                       (abs)        00000
__CFG_STVREN$ON                       (abs)        00000
__CFG_WDTCCS$SC                       (abs)        00000
__CFG_WDTCPS$WDTCPS_31                (abs)        00000
__CFG_WDTCWS$WDTCWS_7                 (abs)        00000
__CFG_WDTE$ON                         (abs)        00000
__CFG_WRTAPP$OFF                      (abs)        00000
__CFG_WRTB$OFF                        (abs)        00000
__CFG_WRTC$OFF                        (abs)        00000
__CFG_WRTD$OFF                        (abs)        00000
__CFG_WRTSAF$OFF                      (abs)        00000
__CFG_ZCDDIS$OFF                      (abs)        00000
__Habs1                               abs1         00000
__Hbank0                              bank0        00000
__Hbank1                              bank1        00000
__Hbank10                             bank10       00000
__Hbank11                             bank11       00000
__Hbank12                             bank12       00000
__Hbank13                             bank13       00000
__Hbank14                             bank14       00000
__Hbank15                             bank15       00000
__Hbank16                             bank16       00000
__Hbank17                             bank17       00000
__Hbank18                             bank18       00000
__Hbank19                             bank19       00000
__Hbank2                              bank2        00000
__Hbank20                             bank20       00000
__Hbank21                             bank21       00000
__Hbank22                             bank22       00000
__Hbank23                             bank23       00000
__Hbank24                             bank24       00000
__Hbank25                             bank25       00000
__Hbank26                             bank26       00000
__Hbank27                             bank27       00000
__Hbank28                             bank28       00000
__Hbank29                             bank29       00000
__Hbank3                              bank3        00000
__Hbank30                             bank30       00000
__Hbank31                             bank31       00000
__Hbank32                             bank32       00000
__Hbank33                             bank33       00000
__Hbank34                             bank34       00000
__Hbank35                             bank35       00000
__Hbank36                             bank36       00000
__Hbank37                             bank37       00000
__Hbank38                             bank38       00000
__Hbank39                             bank39       00000
__Hbank4                              bank4        00000
__Hbank40                             bank40       00000
__Hbank41                             bank41       00000
__Hbank42                             bank42       00000
__Hbank43                             bank43       00000
__Hbank44                             bank44       00000
__Hbank45                             bank45       00000
__Hbank46                             bank46       00000
__Hbank47                             bank47       00000
__Hbank48                             bank48       00000
__Hbank49                             bank49       00000
__Hbank5                              bank5        00000
__Hbank50                             bank50       00000
__Hbank51                             bank51       00000
__Hbank52                             bank52       00000
__Hbank53                             bank53       00000
__Hbank54                             bank54       00000
__Hbank55                             bank55       00000
__Hbank56                             bank56       00000
__Hbank57                             bank57       00000
__Hbank58                             bank58       00000
__Hbank59                             bank59       00000
__Hbank6                              bank6        00000
__Hbank60                             bank60       00000
__Hbank61                             bank61       00000
__Hbank62                             bank62       00000
__Hbank63                             bank63       00000
__Hbank7                              bank7        00000
__Hbank8                              bank8        00000
__Hbank9                              bank9        00000
__Hbigram                             bigram       00000
__HbssBANK0                           bssBANK0     00000
__HbssBANK1                           bssBANK1     00000
__HbssCOMMON                          bssCOMMON    00000
__Hcinit                              cinit        001BE
__Hclrtext                            clrtext      00000
__Hcode                               code         00000
__Hcommon                             common       00000
__Hconfig                             config       0800C
__HcstackBANK0                        cstackBANK0  00000
__HcstackCOMMON                       cstackCOMMON 00000
__HdataBANK0                          dataBANK0    00000
__HdataBANK1                          dataBANK1    00000
__Heeprom_data                        eeprom_data  00000
__Hend_init                           end_init     00196
__Hfunctab                            functab      00000
__HidataBANK0                         idataBANK0   00000
__HidataBANK1                         idataBANK1   00000
__Hidloc                              idloc        00000
__Hinit                               init         00194
__Hinittext                           inittext     00000
__Hintentry                           intentry     00194
__Hmaintext                           maintext     00000
__Hpowerup                            powerup      00000
__Hram                                ram          00000
__Hreset_vec                          reset_vec    00002
__Hsfr0                               sfr0         00000
__Hsfr1                               sfr1         00000
__Hsfr10                              sfr10        00000
__Hsfr11                              sfr11        00000
__Hsfr12                              sfr12        00000
__Hsfr13                              sfr13        00000
__Hsfr14                              sfr14        00000
__Hsfr15                              sfr15        00000
__Hsfr16                              sfr16        00000
__Hsfr17                              sfr17        00000
__Hsfr18                              sfr18        00000
__Hsfr19                              sfr19        00000
__Hsfr2                               sfr2         00000
__Hsfr20                              sfr20        00000
__Hsfr21                              sfr21        00000
__Hsfr22                              sfr22        00000
__Hsfr23                              sfr23        00000
__Hsfr24                              sfr24        00000
__Hsfr25                              sfr25        00000
__Hsfr26                              sfr26        00000
__Hsfr27                              sfr27        00000
__Hsfr28                              sfr28        00000
__Hsfr29                              sfr29        00000
__Hsfr3                               sfr3         00000
__Hsfr30                              sfr30        00000
__Hsfr31                              sfr31        00000
__Hsfr32                              sfr32        00000
__Hsfr33                              sfr33        00000
__Hsfr34                              sfr34        00000
__Hsfr35                              sfr35        00000
__Hsfr36                              sfr36        00000
__Hsfr37                              sfr37        00000
__Hsfr38                              sfr38        00000
__Hsfr39                              sfr39        00000
__Hsfr4                               sfr4         00000
__Hsfr40                              sfr40        00000
__Hsfr41                              sfr41        00000
__Hsfr42                              sfr42        00000
__Hsfr43                              sfr43        00000
__Hsfr44                              sfr44        00000
__Hsfr45                              sfr45        00000
__Hsfr46                              sfr46        00000
__Hsfr47                              sfr47        00000
__Hsfr48                              sfr48        00000
__Hsfr49                              sfr49        00000
__Hsfr5                               sfr5         00000
__Hsfr50                              sfr50        00000
__Hsfr51                              sfr51        00000
__Hsfr52                              sfr52        00000
__Hsfr53                              sfr53        00000
__Hsfr54                              sfr54        00000
__Hsfr55                              sfr55        00000
__Hsfr56                              sfr56        00000
__Hsfr57                              sfr57        00000
__Hsfr58                              sfr58        00000
__Hsfr59                              sfr59        00000
__Hsfr6                               sfr6         00000
__Hsfr60                              sfr60        00000
__Hsfr61                              sfr61        00000
__Hsfr62                              sfr62        00000
__Hsfr63                              sfr63        00000
__Hsfr7                               sfr7         00000
__Hsfr8                               sfr8         00000
__Hsfr9                               sfr9         00000
__Hspace_0                            (abs)        0800C
__Hspace_1                            (abs)        000C4
__Hspace_2                            (abs)        00000
__Hspace_3                            (abs)        00000
__Hstack                              stack        00000
__Hstrings                            strings      00000
__Hstringtext1                        stringtext1  00000
__Hstringtext10                       stringtext10 00000
__Hstringtext11                       stringtext11 00000
__Hstringtext12                       stringtext12 00000
__Hstringtext13                       stringtext13 00000
__Hstringtext14                       stringtext14 00000
__Hstringtext15                       stringtext15 00000
__Hstringtext16                       stringtext16 00000
__Hstringtext17                       stringtext17 00000
__Hstringtext2                        stringtext2  00000
__Hstringtext3                        stringtext3  00000
__Hstringtext4                        stringtext4  00000
__Hstringtext5                        stringtext5  00000
__Hstringtext6                        stringtext6  00000
__Hstringtext7                        stringtext7  00000
__Hstringtext8                        stringtext8  00000
__Hstringtext9                        stringtext9  00000
__Htext                               text         00000
__Labs1                               abs1         00000
__Lbank0                              bank0        00000
__Lbank1                              bank1        00000
__Lbank10                             bank10       00000
__Lbank11                             bank11       00000
__Lbank12                             bank12       00000
__Lbank13                             bank13       00000
__Lbank14                             bank14       00000
__Lbank15                             bank15       00000
__Lbank16                             bank16       00000
__Lbank17                             bank17       00000
__Lbank18                             bank18       00000
__Lbank19                             bank19       00000
__Lbank2                              bank2        00000
__Lbank20                             bank20       00000
__Lbank21                             bank21       00000
__Lbank22                             bank22       00000
__Lbank23                             bank23       00000
__Lbank24                             bank24       00000
__Lbank25                             bank25       00000
__Lbank26                             bank26       00000
__Lbank27                             bank27       00000
__Lbank28                             bank28       00000
__Lbank29                             bank29       00000
__Lbank3                              bank3        00000
__Lbank30                             bank30       00000
__Lbank31                             bank31       00000
__Lbank32                             bank32       00000
__Lbank33                             bank33       00000
__Lbank34                             bank34       00000
__Lbank35                             bank35       00000
__Lbank36                             bank36       00000
__Lbank37                             bank37       00000
__Lbank38                             bank38       00000
__Lbank39                             bank39       00000
__Lbank4                              bank4        00000
__Lbank40                             bank40       00000
__Lbank41                             bank41       00000
__Lbank42                             bank42       00000
__Lbank43                             bank43       00000
__Lbank44                             bank44       00000
__Lbank45                             bank45       00000
__Lbank46                             bank46       00000
__Lbank47                             bank47       00000
__Lbank48                             bank48       00000
__Lbank49                             bank49       00000
__Lbank5                              bank5        00000
__Lbank50                             bank50       00000
__Lbank51                             bank51       00000
__Lbank52                             bank52       00000
__Lbank53                             bank53       00000
__Lbank54                             bank54       00000
__Lbank55                             bank55       00000
__Lbank56                             bank56       00000
__Lbank57                             bank57       00000
__Lbank58                             bank58       00000
__Lbank59                             bank59       00000
__Lbank6                              bank6        00000
__Lbank60                             bank60       00000
__Lbank61                             bank61       00000
__Lbank62                             bank62       00000
__Lbank63                             bank63       00000
__Lbank7                              bank7        00000
__Lbank8                              bank8        00000
__Lbank9                              bank9        00000
__Lbigram                             bigram       00000
__LbssBANK0                           bssBANK0     00000
__LbssBANK1                           bssBANK1     00000
__LbssCOMMON                          bssCOMMON    00000
__Lcinit                              cinit        00196
__Lclrtext                            clrtext      00000
__Lcode                               code         00000
__Lcommon                             common       00000
__Lconfig                             config       08007
__LcstackBANK0                        cstackBANK0  00000
__LcstackCOMMON                       cstackCOMMON 00000
__LdataBANK0                          dataBANK0    00000
__LdataBANK1                          dataBANK1    00000
__Leeprom_data                        eeprom_data  00000
__Lend_init                           end_init     00194
__Lfunctab                            functab      00000
__LidataBANK0                         idataBANK0   00000
__LidataBANK1                         idataBANK1   00000
__Lidloc                              idloc        00000
__Linit                               init         00194
__Linittext                           inittext     00000
__Lintentry                           intentry     00004
__Lmaintext                           maintext     00000
__Lpowerup                            powerup      00000
__Lram                                ram          00000
__Lreset_vec                          reset_vec    00000
__Lsfr0                               sfr0         00000
__Lsfr1                               sfr1         00000
__Lsfr10                              sfr10        00000
__Lsfr11                              sfr11        00000
__Lsfr12                              sfr12        00000
__Lsfr13                              sfr13        00000
__Lsfr14                              sfr14        00000
__Lsfr15                              sfr15        00000
__Lsfr16                              sfr16        00000
__Lsfr17                              sfr17        00000
__Lsfr18                              sfr18        00000
__Lsfr19                              sfr19        00000
__Lsfr2                               sfr2         00000
__Lsfr20                              sfr20        00000
__Lsfr21                              sfr21        00000
__Lsfr22                              sfr22        00000
__Lsfr23                              sfr23        00000
__Lsfr24                              sfr24        00000
__Lsfr25                              sfr25        00000
__Lsfr26                              sfr26        00000
__Lsfr27                              sfr27        00000
__Lsfr28                              sfr28        00000
__Lsfr29                              sfr29        00000
__Lsfr3                               sfr3         00000
__Lsfr30                              sfr30        00000
__Lsfr31                              sfr31        00000
__Lsfr32                              sfr32        00000
__Lsfr33                              sfr33        00000
__Lsfr34                              sfr34        00000
__Lsfr35                              sfr35        00000
__Lsfr36                              sfr36        00000
__Lsfr37                              sfr37        00000
__Lsfr38                              sfr38        00000
__Lsfr39                              sfr39        00000
__Lsfr4                               sfr4         00000
__Lsfr40                              sfr40        00000
__Lsfr41                              sfr41        00000
__Lsfr42                              sfr42        00000
__Lsfr43                              sfr43        00000
__Lsfr44                              sfr44        00000
__Lsfr45                              sfr45        00000
__Lsfr46                              sfr46        00000
__Lsfr47                              sfr47        00000
__Lsfr48                              sfr48        00000
__Lsfr49                              sfr49        00000
__Lsfr5                               sfr5         00000
__Lsfr50                              sfr50        00000
__Lsfr51                              sfr51        00000
__Lsfr52                              sfr52        00000
__Lsfr53                              sfr53        00000
__Lsfr54                              sfr54        00000
__Lsfr55                              sfr55        00000
__Lsfr56                              sfr56        00000
__Lsfr57                              sfr57        00000
__Lsfr58                              sfr58        00000
__Lsfr59                              sfr59        00000
__Lsfr6                               sfr6         00000
__Lsfr60                              sfr60        00000
__Lsfr61                              sfr61        00000
__Lsfr62                              sfr62        00000
__Lsfr63                              sfr63        00000
__Lsfr7                               sfr7         00000
__Lsfr8                               sfr8         00000
__Lsfr9                               sfr9         00000
__Lspace_0                            (abs)        00000
__Lspace_1                            (abs)        00000
__Lspace_2                            (abs)        00000
__Lspace_3                            (abs)        00000
__Lstack                              stack        00000
__Lstrings                            strings      00000
__Lstringtext1                        stringtext1  00000
__Lstringtext10                       stringtext10 00000
__Lstringtext11                       stringtext11 00000
__Lstringtext12                       stringtext12 00000
__Lstringtext13                       stringtext13 00000
__Lstringtext14                       stringtext14 00000
__Lstringtext15                       stringtext15 00000
__Lstringtext16                       stringtext16 00000
__Lstringtext17                       stringtext17 00000
__Lstringtext2                        stringtext2  00000
__Lstringtext3                        stringtext3  00000
__Lstringtext4                        stringtext4  00000
__Lstringtext5                        stringtext5  00000
__Lstringtext6                        stringtext6  00000
__Lstringtext7                        stringtext7  00000
__Lstringtext8                        stringtext8  00000
__Lstringtext9                        stringtext9  00000
__Ltext                               text         00000
__S0                                  (abs)        0800C
__S1                                  (abs)        000C4
__S2                                  (abs)        00000
__S3                                  (abs)        00000
__Umul8_16                            text37       00C67
__Umul8_16@multiplicand               cstackBANK0  00020
__Umul8_16@multiplier                 cstackBANK0  00028
__Umul8_16@product                    cstackBANK0  00024
__Umul8_16@word_mpld                  cstackBANK0  00026
___awdiv                              text32       0072D
___awdiv@counter                      cstackBANK0  00025
___awdiv@dividend                     cstackBANK0  00022
___awdiv@divisor                      cstackBANK0  00020
___awdiv@quotient                     cstackBANK0  00027
___awdiv@sign                         cstackBANK0  00026
___awmod                              text31       00F54
___awmod@counter                      cstackBANK0  00025
___awmod@dividend                     cstackBANK0  00022
___awmod@divisor                      cstackBANK0  00020
___awmod@sign                         cstackBANK0  00026
___flmul                              text36       001BE
___flmul@a                            cstackBANK0  00032
___flmul@aexp                         cstackBANK0  00040
___flmul@b                            cstackBANK0  0002E
___flmul@bexp                         cstackBANK0  00041
___flmul@grs                          cstackBANK0  0003C
___flmul@prod                         cstackBANK0  00042
___flmul@sign                         cstackBANK0  0003B
___flmul@temp                         cstackBANK0  00046
___fltol                              text35       00576
___fltol@exp1                         cstackBANK0  00052
___fltol@f1                           cstackBANK0  00048
___fltol@sign1                        cstackBANK0  00051
___int_sp                             stack        00000
___latbits                            (abs)        00001
___sp                                 stack        00000
___stackhi                            (abs)        027EF
___stacklo                            (abs)        02074
___xxtofl                             text34       004C9
___xxtofl@arg                         cstackBANK0  0002A
___xxtofl@exp                         cstackBANK0  00029
___xxtofl@sign                        cstackBANK0  00028
___xxtofl@val                         cstackBANK0  00020
__end_of_Bot_State_handler            text11       00DF1
__end_of_INTERRUPT_InterruptManager   intentry     00194
__end_of_ISR_timer2                   text42       00DB3
__end_of_OSCILLATOR_Initialize        text25       00B3F
__end_of_TMR0_Initialize              text24       00B6F
__end_of__Umul8_16                    text37       00C8B
__end_of___awdiv                      text32       0078D
__end_of___awmod                      text31       00FA8
__end_of___flmul                      text36       00415
__end_of___fltol                      text35       005EB
__end_of___xxtofl                     text34       00576
__end_of__initialization              cinit        001BA
__end_of_abs                          text30       00C4B
__end_of_adc_conversion               text33       00BCB
__end_of_buzz_buzz                    text38       00CE4
__end_of_connect_RN4020_to_ESP32      text9        006C4
__end_of_disconnect_and_sleep_RN4020  text8        007E9
__end_of_get_battery_lvl              text26       0065A
__end_of_init                         text17       00C2F
__end_of_init_adc                     text22       00B98
__end_of_init_extern_interrupt        text21       00B22
__end_of_init_pin                     text20       00C14
__end_of_init_timer2                  text19       00BDF
__end_of_init_uart                    text18       007FD
__end_of_init_unused_register         text23       00BB7
__end_of_itoa                         text27       004C9
__end_of_main                         maintext     00D79
__end_of_read_bbot_desired_state      text7        00D46
__end_of_reset_RN4020                 text12       00F54
__end_of_reset_all_flags              text15       00BA7
__end_of_reverse                      text28       00CB5
__end_of_routine_rn4020               text2        00EBB
__end_of_send_batt_lvl_to_RN4020      text5        00E77
__end_of_send_bbot_state_to_RN4020    text4        00E33
__end_of_start_RN4020                 text1        00F01
__end_of_start_timer2                 text10       00B49
__end_of_stop_reset_timer2            text16       00B7C
__end_of_strlen                       text14       00BF9
__end_of_strncmp                      text41       01000
__end_of_swap                         text29       00C67
__end_of_uart_read                    text40       00B8A
__end_of_uart_send_string             text13       0072D
__end_of_uart_write                   text6        00B55
__end_of_wake_RN4020                  text3        00D13
__end_ofi1_stop_reset_timer2          text43       00B62
__initialization                      cinit        00196
__pbssBANK0                           bssBANK0     00058
__pbssBANK1                           bssBANK1     000A0
__pbssCOMMON                          bssCOMMON    0007A
__pcstackBANK0                        cstackBANK0  00020
__pcstackCOMMON                       cstackCOMMON 00070
__pdataBANK0                          dataBANK0    0006C
__pdataBANK1                          dataBANK1    000BC
__pidataBANK0                         idataBANK0   00003
__pidataBANK1                         idataBANK1   00B2E
__pintentry                           intentry     00004
__pmaintext                           maintext     00D46
__pstringtext1                        stringtext1  007FD
__pstringtext10                       stringtext10 00869
__pstringtext11                       stringtext11 0086E
__pstringtext12                       stringtext12 00872
__pstringtext13                       stringtext13 00876
__pstringtext14                       stringtext14 0087A
__pstringtext15                       stringtext15 0087E
__pstringtext16                       stringtext16 00882
__pstringtext17                       stringtext17 00000
__pstringtext2                        stringtext2  0080E
__pstringtext3                        stringtext3  0081D
__pstringtext4                        stringtext4  0082A
__pstringtext5                        stringtext5  00837
__pstringtext6                        stringtext6  00843
__pstringtext7                        stringtext7  0084E
__pstringtext8                        stringtext8  00858
__pstringtext9                        stringtext9  00862
__ptext1                              text1        00EBB
__ptext10                             text10       00B3F
__ptext11                             text11       00DB3
__ptext12                             text12       00F01
__ptext13                             text13       006C4
__ptext14                             text14       00BDF
__ptext15                             text15       00B98
__ptext16                             text16       00B6F
__ptext17                             text17       00C14
__ptext18                             text18       007E9
__ptext19                             text19       00BCB
__ptext2                              text2        00E77
__ptext20                             text20       00BF9
__ptext21                             text21       00B1D
__ptext22                             text22       00B8A
__ptext23                             text23       00BA7
__ptext24                             text24       00B62
__ptext25                             text25       00B36
__ptext26                             text26       005EB
__ptext27                             text27       00415
__ptext28                             text28       00C8B
__ptext29                             text29       00C4B
__ptext3                              text3        00CE4
__ptext30                             text30       00C2F
__ptext31                             text31       00F54
__ptext32                             text32       0072D
__ptext33                             text33       00BB7
__ptext34                             text34       004C9
__ptext35                             text35       00576
__ptext36                             text36       001BE
__ptext37                             text37       00C67
__ptext38                             text38       00CB5
__ptext4                              text4        00DF1
__ptext40                             text40       00B7C
__ptext41                             text41       00FA8
__ptext42                             text42       00D79
__ptext43                             text43       00B55
__ptext5                              text5        00E33
__ptext6                              text6        00B49
__ptext7                              text7        00D13
__ptext8                              text8        0078D
__ptext9                              text9        0065A
__size_of_Bot_State_handler           (abs)        00000
__size_of_INTERRUPT_InterruptManager  (abs)        00000
__size_of_ISR_timer2                  (abs)        00000
__size_of_OSCILLATOR_Initialize       (abs)        00000
__size_of_TMR0_Initialize             (abs)        00000
__size_of__Umul8_16                   (abs)        00000
__size_of___awdiv                     (abs)        00000
__size_of___awmod                     (abs)        00000
__size_of___flmul                     (abs)        00000
__size_of___fltol                     (abs)        00000
__size_of___xxtofl                    (abs)        00000
__size_of_abs                         (abs)        00000
__size_of_adc_conversion              (abs)        00000
__size_of_buzz_buzz                   (abs)        00000
__size_of_connect_RN4020_to_ESP32     (abs)        00000
__size_of_disconnect_and_sleep_RN4020 (abs)        00000
__size_of_get_battery_lvl             (abs)        00000
__size_of_init                        (abs)        00000
__size_of_init_adc                    (abs)        00000
__size_of_init_extern_interrupt       (abs)        00000
__size_of_init_pin                    (abs)        00000
__size_of_init_timer2                 (abs)        00000
__size_of_init_uart                   (abs)        00000
__size_of_init_unused_register        (abs)        00000
__size_of_itoa                        (abs)        00000
__size_of_main                        (abs)        00000
__size_of_read_bbot_desired_state     (abs)        00000
__size_of_reset_RN4020                (abs)        00000
__size_of_reset_all_flags             (abs)        00000
__size_of_reverse                     (abs)        00000
__size_of_routine_rn4020              (abs)        00000
__size_of_send_batt_lvl_to_RN4020     (abs)        00000
__size_of_send_bbot_state_to_RN4020   (abs)        00000
__size_of_start_RN4020                (abs)        00000
__size_of_start_timer2                (abs)        00000
__size_of_stop_reset_timer2           (abs)        00000
__size_of_strlen                      (abs)        00000
__size_of_strncmp                     (abs)        00000
__size_of_swap                        (abs)        00000
__size_of_uart_read                   (abs)        00000
__size_of_uart_send_string            (abs)        00000
__size_of_uart_write                  (abs)        00000
__size_of_wake_RN4020                 (abs)        00000
__size_ofi1_stop_reset_timer2         (abs)        00000
_abs                                  text30       00C2F
_adc_conversion                       text33       00BB7
_adc_tmp                              bssBANK0     00058
_battery_level                        bssBANK0     0005C
_buff_RX                              bssBANK1     000A8
_buzz_buzz                            text38       00CB5
_connect_RN4020_to_ESP32              text9        0065A
_desired_Bbot_status                  bssCOMMON    0007B
_disconnect_and_sleep_RN4020          text8        0078D
_error_occurancy                      bssBANK0     0005A
_flag_AOK                             bssBANK0     00068
_flag_CMD                             bssBANK0     00066
_flag_Connected                       bssBANK0     00065
_flag_Connection_End                  bssBANK0     00064
_flag_END                             bssBANK0     00062
_flag_ERR                             bssBANK0     00067
_flag_Reboot                          bssCOMMON    0007C
_flag_desired_Bbot_status             bssBANK0     00061
_flag_send_status_required            bssBANK0     00063
_flag_timer_2                         bssBANK0     0005F
_get_battery_lvl                      text26       005EB
_index_RX                             bssCOMMON    0007D
_init                                 text17       00C14
_init_adc                             text22       00B8A
_init_extern_interrupt                text21       00B1D
_init_pin                             text20       00BF9
_init_timer2                          text19       00BCB
_init_uart                            text18       007E9
_init_unused_register                 text23       00BA7
_itoa                                 text27       00415
_main                                 maintext     00D46
_max_second_wait_RN4020               bssCOMMON    0007A
_read_bbot_desired_state              text7        00D13
_reset_RN4020                         text12       00F01
_reset_all_flags                      text15       00B98
_reverse                              text28       00C8B
_routine_rn4020                       text2        00E77
_send_batt_lvl_to_RN4020              text5        00E33
_send_bbot_state_to_RN4020            text4        00DF1
_start_RN4020                         text1        00EBB
_start_timer2                         text10       00B3F
_stop_reset_timer2                    text16       00B6F
_strlen                               text14       00BDF
_strncmp                              text41       00FA8
_swap                                 text29       00C4B
_timer2_count                         bssBANK1     000A4
_uart_read                            text40       00B7C
_uart_send_string                     text13       006C4
_uart_write                           text6        00B49
_wake_RN4020                          text3        00CE4
abs@a                                 cstackBANK0  00020
btemp                                 (abs)        0007E
clear_ram0                            clrtext      00B22
end_of_initialization                 cinit        001BA
i1_stop_reset_timer2                  text43       00B55
init_ram                              inittext     00B28
int$flags                             (abs)        0007E
intlevel0                             functab      00000
intlevel1                             functab      00000
intlevel2                             functab      00000
intlevel3                             functab      00000
intlevel4                             functab      00000
intlevel5                             functab      00000
itoa@buffer                           cstackBANK0  0002F
itoa@form                             cstackBANK0  00031
itoa@i                                cstackBANK0  0003A
itoa@n                                cstackBANK0  00038
itoa@r                                cstackBANK0  00036
itoa@value                            cstackBANK0  0002D
main@routine_error_cpt                cstackBANK0  00057
reset_vec                             reset_vec    00000
reverse@buffer                        cstackBANK0  00026
reverse@i                             cstackBANK0  00028
reverse@j                             cstackBANK0  0002A
start                                 init         00194
start_initialization                  cinit        00196
start_timer2@TIME_SEC                 cstackBANK0  00021
strlen@a                              cstackBANK0  00023
strlen@s                              cstackBANK0  00020
strncmp@_l                            cstackCOMMON 00078
strncmp@_r                            cstackCOMMON 00070
strncmp@l                             cstackCOMMON 00077
strncmp@n                             cstackCOMMON 00072
strncmp@r                             cstackCOMMON 00075
swap@t                                cstackBANK0  00025
swap@x                                cstackBANK0  00020
swap@y                                cstackBANK0  00022
uart_send_string@CRLF                 cstackBANK0  00027
uart_send_string@command              cstackBANK0  00025
uart_send_string@length               cstackBANK0  0002A
uart_write@txData                     cstackBANK0  00020
wtemp0                                (abs)        0007E


FUNCTION INFORMATION:

 *************** function _main *****************
 Defined at:
		line 8 in file "main.c"
 Parameters:    Size  Location     Type
		None
 Auto vars:     Size  Location     Type
  routine_erro    1   55[BANK0 ] unsigned char 
 Return value:  Size  Location     Type
                  1    wreg      void 
 Registers used:
		wreg, fsr0l, fsr0h, fsr1l, fsr1h, status,2, status,0, pclath, cstack
 Tracked objects:
		On entry : 
		On exit  : 
		Unchanged: 
 Data sizes:     COMMON   BANK0   BANK1   BANK2   BANK3   BANK4   BANK5   BANK6   BANK7   BANK8   BANK9  BANK10  BANK11  BANK12  BANK13  BANK14  BANK15  BANK16  BANK17  BANK18  BANK19  BANK20  BANK21  BANK22  BANK23  BANK24  BANK25
      Params:         0       0       0       0       0       0       0       0       0       0       0       0       0       0       0       0       0       0       0       0       0       0       0       0       0       0       0
      Locals:         0       1       0       0       0       0       0       0       0       0       0       0       0       0       0       0       0       0       0       0       0       0       0       0       0       0       0
[...]
Total ram usage:       11 bytes
 Hardware stack levels used:    1
 Hardware stack levels required when called:    3
 This function calls:
		Nothing
 This function is called by:
		_get_battery_lvl
 This function uses a non-reentrant model


 *************** function ___flmul *****************
 Defined at:
		line 8 in file "C:\Program Files (x86)\Microchip\xc8\v2.10\pic\sources\c99\common\sprcmul.c"
 Parameters:    Size  Location     Type
  b               4   14[BANK0 ] long 
  a               4   18[BANK0 ] long 
 Auto vars:     Size  Location     Type
  prod            4   34[BANK0 ] struct .
  grs             4   28[BANK0 ] unsigned long 
  temp            2   38[BANK0 ] struct .
  bexp            1   33[BANK0 ] unsigned char 
  aexp            1   32[BANK0 ] unsigned char 
  sign            1   27[BANK0 ] unsigned char 
 Return value:  Size  Location     Type
                  4   14[BANK0 ] unsigned char 
 Registers used:
		wreg, status,2, status,0, pclath, cstack
 Tracked objects:
		On entry : 
		On exit  : 
		Unchanged: 
 Data sizes:     COMMON   BANK0   BANK1   BANK2   BANK3   BANK4   BANK5   BANK6   BANK7   BANK8   BANK9  BANK10  BANK11  BANK12  BANK13  BANK14  BANK15  BANK16  BANK17  BANK18  BANK19  BANK20  BANK21  BANK22  BANK23  BANK24  BANK25
      Params:         0       8       0       0       0       0       0       0       0       0       0       0       0       0       0       0       0       0       0       0       0       0       0       0       0       0       0
      Locals:         0      13       0       0       0       0       0       0       0       0       0       0       0       0       0       0       0       0       0       0       0       0       0       0       0       0       0
      Temps:          0       5       0       0       0       0       0       0       0       0       0       0       0       0       0       0       0       0       0       0       0       0       0       0       0       0       0
      Totals:         0      26       0       0       0       0       0       0       0       0       0       0       0       0       0       0       0       0       0       0       0       0       0       0       0       0       0
Total ram usage:       26 bytes
 Hardware stack levels used:    1
 Hardware stack levels required when called:    4
 This function calls:
		__Umul8_16
 This function is called by:
		_get_battery_lvl
 This function uses a non-reentrant model


 *************** function __Umul8_16 *****************
 Defined at:
		line 4 in file "C:\Program Files (x86)\Microchip\xc8\v2.10\pic\sources\c99\common\Umul8_16.c"
 Parameters:    Size  Location     Type
  multiplier      1    wreg     unsigned char 
  multiplicand    1    0[BANK0 ] unsigned char 
 Auto vars:     Size  Location     Type
  multiplier      1    8[BANK0 ] unsigned char 
  word_mpld       2    6[BANK0 ] unsigned int 
  product         2    4[BANK0 ] unsigned int 
 Return value:  Size  Location     Type
                  2    0[BANK0 ] unsigned int 
 Registers used:
		wreg, status,2, status,0
 Tracked objects:
		On entry : 
		On exit  : 
		Unchanged: 
 Data sizes:     COMMON   BANK0   BANK1   BANK2   BANK3   BANK4   BANK5   BANK6   BANK7   BANK8   BANK9  BANK10  BANK11  BANK12  BANK13  BANK14  BANK15  BANK16  BANK17  BANK18  BANK19  BANK20  BANK21  BANK22  BANK23  BANK24  BANK25
      Params:         0       2       0       0       0       0       0       0       0       0       0       0       0       0       0       0       0       0       0       0       0       0       0       0       0       0       0
      Locals:         0       5       0       0       0       0       0       0       0       0       0       0       0       0       0       0       0       0       0       0       0       0       0       0       0       0       0
      Temps:          0       2       0       0       0       0       0       0       0       0       0       0       0       0       0       0       0       0       0       0       0       0       0       0       0       0       0
      Totals:         0       9       0       0       0       0       0       0       0       0       0       0       0       0       0       0       0       0       0       0       0       0       0       0       0       0       0
Total ram usage:        9 bytes
 Hardware stack levels used:    1
 Hardware stack levels required when called:    3
 This function calls:
		Nothing
 This function is called by:
		___flmul
 This function uses a non-reentrant model


 *************** function _buzz_buzz *****************
 Defined at:
		line 33 in file "main.c"
 Parameters:    Size  Location     Type
		None
 Auto vars:     Size  Location     Type
		None
 Return value:  Size  Location     Type
                  1    wreg      void 
 Registers used:
		wreg
 Tracked objects:
		On entry : 
		On exit  : 
		Unchanged: 
 Data sizes:     COMMON   BANK0   BANK1   BANK2   BANK3   BANK4   BANK5   BANK6   BANK7   BANK8   BANK9  BANK10  BANK11  BANK12  BANK13  BANK14  BANK15  BANK16  BANK17  BANK18  BANK19  BANK20  BANK21  BANK22  BANK23  BANK24  BANK25
      Params:         0       0       0       0       0       0       0       0       0       0       0       0       0       0       0       0       0       0       0       0       0       0       0       0       0       0       0
      Locals:         0       0       0       0       0       0       0       0       0       0       0       0       0       0       0       0       0       0       0       0       0       0       0       0       0       0       0
      Temps:          0       2       0       0       0       0       0       0       0       0       0       0       0       0       0       0       0       0       0       0       0       0       0       0       0       0       0
      Totals:         0       2       0       0       0       0       0       0       0       0       0       0       0       0       0       0       0       0       0       0       0       0       0       0       0       0       0
Total ram usage:        2 bytes
 Hardware stack levels used:    1
 Hardware stack levels required when called:    3
 This function calls:
		Nothing
 This function is called by:
		_main
 This function uses a non-reentrant model


 *************** function _INTERRUPT_InterruptManager *****************
 Defined at:
		line 23 in file "ISR.c"
 Parameters:    Size  Location     Type
		None
 Auto vars:     Size  Location     Type
		None
 Return value:  Size  Location     Type
                  1    wreg      void 
 Registers used:
		wreg, fsr0l, fsr0h, fsr1l, fsr1h, status,2, status,0, pclath, cstack
 Tracked objects:
		On entry : 
		On exit  : 
		Unchanged: 
 Data sizes:     COMMON   BANK0   BANK1   BANK2   BANK3   BANK4   BANK5   BANK6   BANK7   BANK8   BANK9  BANK10  BANK11  BANK12  BANK13  BANK14  BANK15  BANK16  BANK17  BANK18  BANK19  BANK20  BANK21  BANK22  BANK23  BANK24  BANK25
      Params:         0       0       0       0       0       0       0       0       0       0       0       0       0       0       0       0       0       0       0       0       0       0       0       0       0       0       0
      Locals:         0       0       0       0       0       0       0       0       0       0       0       0       0       0       0       0       0       0       0       0       0       0       0       0       0       0       0
      Temps:          1       0       0       0       0       0       0       0       0       0       0       0       0       0       0       0       0       0       0       0       0       0       0       0       0       0       0
      Totals:         1       0       0       0       0       0       0       0       0       0       0       0       0       0       0       0       0       0       0       0       0       0       0       0       0       0       0
Total ram usage:        1 bytes
 Hardware stack levels used:    1
 Hardware stack levels required when called:    2
 This function calls:
		_ISR_timer2
		_strncmp
		_uart_read
 This function is called by:
		Interrupt level 1
 This function uses a non-reentrant model


 *************** function _uart_read *****************
 Defined at:
		line 58 in file "uart.c"
 Parameters:    Size  Location     Type
		None
 Auto vars:     Size  Location     Type
		None
 Return value:  Size  Location     Type
                  1    wreg      unsigned char 
 Registers used:
		wreg
 Tracked objects:
		On entry : 
		On exit  : 
		Unchanged: 
 Data sizes:     COMMON   BANK0   BANK1   BANK2   BANK3   BANK4   BANK5   BANK6   BANK7   BANK8   BANK9  BANK10  BANK11  BANK12  BANK13  BANK14  BANK15  BANK16  BANK17  BANK18  BANK19  BANK20  BANK21  BANK22  BANK23  BANK24  BANK25
      Params:         0       0       0       0       0       0       0       0       0       0       0       0       0       0       0       0       0       0       0       0       0       0       0       0       0       0       0
      Locals:         0       0       0       0       0       0       0       0       0       0       0       0       0       0       0       0       0       0       0       0       0       0       0       0       0       0       0
      Temps:          0       0       0       0       0       0       0       0       0       0       0       0       0       0       0       0       0       0       0       0       0       0       0       0       0       0       0
      Totals:         0       0       0       0       0       0       0       0       0       0       0       0       0       0       0       0       0       0       0       0       0       0       0       0       0       0       0
Total ram usage:        0 bytes
 Hardware stack levels used:    1
 This function calls:
		Nothing
 This function is called by:
		_INTERRUPT_InterruptManager
 This function uses a non-reentrant model


 *************** function _strncmp *****************
 Defined at:
		line 3 in file "C:\Program Files (x86)\Microchip\xc8\v2.10\pic\sources\c99\common\strncmp.c"
 Parameters:    Size  Location     Type
  _l              1    wreg     PTR const unsigned char 
		 -> buff_RX(20), 
  _r              2    0[COMMON] PTR const unsigned char 
		 -> STR_8(4), STR_7(4), STR_6(4), STR_5(15), 
		 -> STR_4(7), STR_3(10), STR_2(4), STR_1(4), 
  n               2    2[COMMON] unsigned int 
 Auto vars:     Size  Location     Type
  _l              1    8[COMMON] PTR const unsigned char 
		 -> buff_RX(20), 
  r               2    5[COMMON] PTR const unsigned char 
		 -> STR_8(4), STR_7(4), STR_6(4), STR_5(15), 
		 -> STR_4(7), STR_3(10), STR_2(4), STR_1(4), 
  l               1    7[COMMON] PTR const unsigned char 
		 -> buff_RX(20), 
 Return value:  Size  Location     Type
                  2    0[COMMON] int 
 Registers used:
		wreg, fsr0l, fsr0h, fsr1l, fsr1h, status,2, status,0, pclath
 Tracked objects:
		On entry : 
		On exit  : 
		Unchanged: 
 Data sizes:     COMMON   BANK0   BANK1   BANK2   BANK3   BANK4   BANK5   BANK6   BANK7   BANK8   BANK9  BANK10  BANK11  BANK12  BANK13  BANK14  BANK15  BANK16  BANK17  BANK18  BANK19  BANK20  BANK21  BANK22  BANK23  BANK24  BANK25
      Params:         4       0       0       0       0       0       0       0       0       0       0       0       0       0       0       0       0       0       0       0       0       0       0       0       0       0       0
      Locals:         4       0       0       0       0       0       0       0       0       0       0       0       0       0       0       0       0       0       0       0       0       0       0       0       0       0       0
      Temps:          1       0       0       0       0       0       0       0       0       0       0       0       0       0       0       0       0       0       0       0       0       0       0       0       0       0       0
      Totals:         9       0       0       0       0       0       0       0       0       0       0       0       0       0       0       0       0       0       0       0       0       0       0       0       0       0       0
Total ram usage:        9 bytes
 Hardware stack levels used:    1
 This function calls:
		Nothing
 This function is called by:
		_INTERRUPT_InterruptManager
 This function uses a non-reentrant model


 *************** function _ISR_timer2 *****************
 Defined at:
		line 8 in file "timer2.c"
 Parameters:    Size  Location     Type
		None
 Auto vars:     Size  Location     Type
		None
 Return value:  Size  Location     Type
                  1    wreg      void 
 Registers used:
		wreg, status,2, status,0, pclath, cstack
 Tracked objects:
		On entry : 
		On exit  : 
		Unchanged: 
 Data sizes:     COMMON   BANK0   BANK1   BANK2   BANK3   BANK4   BANK5   BANK6   BANK7   BANK8   BANK9  BANK10  BANK11  BANK12  BANK13  BANK14  BANK15  BANK16  BANK17  BANK18  BANK19  BANK20  BANK21  BANK22  BANK23  BANK24  BANK25
      Params:         0       0       0       0       0       0       0       0       0       0       0       0       0       0       0       0       0       0       0       0       0       0       0       0       0       0       0
      Locals:         0       0       0       0       0       0       0       0       0       0       0       0       0       0       0       0       0       0       0       0       0       0       0       0       0       0       0
      Temps:          4       0       0       0       0       0       0       0       0       0       0       0       0       0       0       0       0       0       0       0       0       0       0       0       0       0       0
      Totals:         4       0       0       0       0       0       0       0       0       0       0       0       0       0       0       0       0       0       0       0       0       0       0       0       0       0       0
Total ram usage:        4 bytes
 Hardware stack levels used:    1
 Hardware stack levels required when called:    1
 This function calls:
		i1_stop_reset_timer2
 This function is called by:
		_INTERRUPT_InterruptManager
 This function uses a non-reentrant model


 *************** function i1_stop_reset_timer2 *****************
 Defined at:
		line 24 in file "timer2.c"
 Parameters:    Size  Location     Type
		None
 Auto vars:     Size  Location     Type
		None
 Return value:  Size  Location     Type
                  1    wreg      void 
 Registers used:
		wreg, status,2
 Tracked objects:
		On entry : 
		On exit  : 
		Unchanged: 
 Data sizes:     COMMON   BANK0   BANK1   BANK2   BANK3   BANK4   BANK5   BANK6   BANK7   BANK8   BANK9  BANK10  BANK11  BANK12  BANK13  BANK14  BANK15  BANK16  BANK17  BANK18  BANK19  BANK20  BANK21  BANK22  BANK23  BANK24  BANK25
      Params:         0       0       0       0       0       0       0       0       0       0       0       0       0       0       0       0       0       0       0       0       0       0       0       0       0       0       0
      Locals:         0       0       0       0       0       0       0       0       0       0       0       0       0       0       0       0       0       0       0       0       0       0       0       0       0       0       0
      Temps:          0       0       0       0       0       0       0       0       0       0       0       0       0       0       0       0       0       0       0       0       0       0       0       0       0       0       0
      Totals:         0       0       0       0       0       0       0       0       0       0       0       0       0       0       0       0       0       0       0       0       0       0       0       0       0       0       0
Total ram usage:        0 bytes
 Hardware stack levels used:    1
 This function calls:
		Nothing
 This function is called by:
		_ISR_timer2
 This function uses a non-reentrant model



MODULE INFORMATION

Module		Function		Class		Link	Load	Size
uart.c
		_uart_write    		CODE           	0B49	0000	13
		_uart_read     		CODE           	0B7C	0000	15
		_init_uart     		CODE           	07E9	0000	21
		_uart_send_string		CODE           	06C4	0000	106

uart.c estimated size: 155

C:\Program Files (x86)\Microchip\xc8\v2.10\pic\sources\c99\common\xxtofl.c
		___xxtofl      		CODE           	04C9	0000	174

C:\Program Files (x86)\Microchip\xc8\v2.10\pic\sources\c99\common\xxtofl.c estimated size: 174

C:\Program Files (x86)\Microchip\xc8\v2.10\pic\sources\c99\common\awdiv.c
		___awdiv       		CODE           	072D	0000	97

C:\Program Files (x86)\Microchip\xc8\v2.10\pic\sources\c99\common\awdiv.c estimated size: 97

C:\Program Files (x86)\Microchip\xc8\v2.10\pic\sources\c99\common\strlen.c
		_strlen        		CODE           	0BDF	0000	27

C:\Program Files (x86)\Microchip\xc8\v2.10\pic\sources\c99\common\strlen.c estimated size: 27

C:\Program Files (x86)\Microchip\xc8\v2.10\pic\sources\c99\common\fltol.c
		___fltol       		CODE           	0576	0000	118

C:\Program Files (x86)\Microchip\xc8\v2.10\pic\sources\c99\common\fltol.c estimated size: 118

C:\Program Files (x86)\Microchip\xc8\v2.10\pic\sources\c99\common\strncmp.c
		_strncmp       		CODE           	0FA8	0000	89

C:\Program Files (x86)\Microchip\xc8\v2.10\pic\sources\c99\common\strncmp.c estimated size: 89

C:\Program Files (x86)\Microchip\xc8\v2.10\pic\sources\c99\common\sprcmul.c
		___flmul       		CODE           	01BE	0000	600

C:\Program Files (x86)\Microchip\xc8\v2.10\pic\sources\c99\common\sprcmul.c estimated size: 600

timer2.c
		_start_timer2  		CODE           	0B3F	0000	11
		_ISR_timer2    		CODE           	0D79	0000	59
		_init_timer2   		CODE           	0BCB	0000	21
		_stop_reset_timer2		CODE           	0B6F	0000	14

timer2.c estimated size: 105

RN4020_driver.c
		_reset_all_flags		CODE           	0B98	0000	16
		_disconnect_and_sleep_RN4020		CODE           	078D	0000	93
		_reset_RN4020  		CODE           	0F01	0000	84
		_routine_rn4020		CODE           	0E77	0000	69
		_send_bbot_state_to_RN4020		CODE           	0DF1	0000	67
		_Bot_State_handler		CODE           	0DB3	0000	63
		_start_RN4020  		CODE           	0EBB	0000	71
		_send_batt_lvl_to_RN4020		CODE           	0E33	0000	69
		_wake_RN4020   		CODE           	0CE4	0000	48
		_read_bbot_desired_state		CODE           	0D13	0000	52
		_connect_RN4020_to_ESP32		CODE           	065A	0000	107

RN4020_driver.c estimated size: 739

adc.c
		_get_battery_lvl		CODE           	05EB	0000	112
		_init_unused_register		CODE           	0BA7	0000	17
		_init_adc      		CODE           	0B8A	0000	15
		_adc_conversion		CODE           	0BB7	0000	21

adc.c estimated size: 165

shared
		i1_stop_reset_timer2		CODE           	0B55	0000	14
		__initialization		CODE           	0196	0000	37

shared estimated size: 51

bibli.c
		_swap          		CODE           	0C4B	0000	29
		_itoa          		CODE           	0415	0000	181
		_reverse       		CODE           	0C8B	0000	43

bibli.c estimated size: 253

C:\Program Files (x86)\Microchip\xc8\v2.10\pic\sources\c99\common\abs.c
		_abs           		CODE           	0C2F	0000	29

C:\Program Files (x86)\Microchip\xc8\v2.10\pic\sources\c99\common\abs.c estimated size: 29

ISR.c
		_INTERRUPT_InterruptManager		CODE           	0004	0000	401

ISR.c estimated size: 401

C:\Program Files (x86)\Microchip\xc8\v2.10\pic\sources\c99\common\Umul8_16.c
		__Umul8_16     		CODE           	0C67	0000	37

C:\Program Files (x86)\Microchip\xc8\v2.10\pic\sources\c99\common\Umul8_16.c estimated size: 37

C:\Program Files (x86)\Microchip\xc8\v2.10\pic\sources\c99\common\awmod.c
		___awmod       		CODE           	0F54	0000	85

C:\Program Files (x86)\Microchip\xc8\v2.10\pic\sources\c99\common\awmod.c estimated size: 85

init.c
		_init          		CODE           	0C14	0000	28
		_init_extern_interrupt		CODE           	0B1D	0000	6
		_init_pin      		CODE           	0BF9	0000	28
		_OSCILLATOR_Initialize		CODE           	0B36	0000	10
		_TMR0_Initialize		CODE           	0B62	0000	14

init.c estimated size: 86

main.c
		_main          		CODE           	0D46	0000	52
		_buzz_buzz     		CODE           	0CB5	0000	48

main.c estimated size: 100

